2022-07-21 16:42:10,047 - INFO - {'data_dir': 'data/', 'figure_dir': 'figures/', 'output_dir': 'results/', 'log_dir': 'logs/', 'seed': 0, 'nA': 2, 'nB': 2, 'nY': 1, 'max_epochs': 2000, 'log_epochs': 100, 'model': {'type': 'CompetitiveNetwork', 'args': {'reparam': 'square', 'mode': 'default'}}, 'logger': {'version': 1, 'formatters': {'default': {'format': '%(asctime)s - %(levelname)s - %(message)s'}}, 'handlers': {'stream_handler': {'class': 'logging.StreamHandler', 'level': 'INFO', 'formatter': 'default', 'stream': 'ext://sys.stdout'}, 'file_handler': {'class': 'logging.handlers.RotatingFileHandler', 'level': 'DEBUG', 'formatter': 'default', 'filename': 'test.log', 'maxBytes': 10485760, 'backupCount': 5, 'encoding': 'utf-8'}}, 'root': {'level': 'DEBUG', 'handlers': ['stream_handler', 'file_handler']}}, 'data_loader': {'type': 'DataLoader', 'args': {'batch_size': 9, 'shuffle': False}}, 'optimizer': {'type': 'SGD', 'args': {'lr': '1e-1', 'momentum': 0.9, 'weight_decay': 0}}, 'loss': {'type': 'MSELoss()'}}
2022-07-21 16:44:03,019 - INFO - {'data_dir': 'data/', 'figure_dir': 'figures/', 'output_dir': 'results/', 'log_dir': 'logs/', 'seed': 0, 'nA': 2, 'nB': 2, 'nY': 1, 'max_epochs': 2000, 'log_epochs': 100, 'model': {'type': 'CompetitiveNetwork', 'args': {'reparam': 'square', 'mode': 'default'}}, 'logger': {'version': 1, 'formatters': {'default': {'format': '%(asctime)s - %(levelname)s - %(message)s'}}, 'handlers': {'stream_handler': {'class': 'logging.StreamHandler', 'level': 'INFO', 'formatter': 'default', 'stream': 'ext://sys.stdout'}, 'file_handler': {'class': 'logging.handlers.RotatingFileHandler', 'level': 'DEBUG', 'formatter': 'default', 'filename': 'test.log', 'maxBytes': 10485760, 'backupCount': 5, 'encoding': 'utf-8'}}, 'root': {'level': 'DEBUG', 'handlers': ['stream_handler', 'file_handler']}}, 'data_loader': {'type': 'DataLoader', 'args': {'batch_size': 9, 'shuffle': False}}, 'optimizer': {'type': 'SGD', 'args': {'lr': '1e-1', 'momentum': 0.9, 'weight_decay': 0}}, 'loss': {'type': 'MSELoss()'}}
2022-07-21 16:44:56,567 - INFO - {'data_dir': 'data/', 'figure_dir': 'figures/', 'output_dir': 'results/', 'log_dir': 'logs/', 'seed': 0, 'nA': 2, 'nB': 2, 'nY': 1, 'max_epochs': 2000, 'log_epochs': 100, 'model': {'type': 'CompetitiveNetwork', 'args': {'reparam': 'square', 'mode': 'default'}}, 'logger': {'version': 1, 'formatters': {'default': {'format': '%(asctime)s - %(levelname)s - %(message)s'}}, 'handlers': {'stream_handler': {'class': 'logging.StreamHandler', 'level': 'INFO', 'formatter': 'default', 'stream': 'ext://sys.stdout'}, 'file_handler': {'class': 'logging.handlers.RotatingFileHandler', 'level': 'DEBUG', 'formatter': 'default', 'filename': 'test.log', 'maxBytes': 10485760, 'backupCount': 5, 'encoding': 'utf-8'}}, 'root': {'level': 'DEBUG', 'handlers': ['stream_handler', 'file_handler']}}, 'data_loader': {'type': 'DataLoader', 'args': {'batch_size': 9, 'shuffle': False}}, 'optimizer': {'type': 'SGD', 'args': {'lr': '1e-1', 'momentum': 0.9, 'weight_decay': 0}}, 'loss': {'type': 'MSELoss()'}}
